--------------------------------------------------------------------------------------
Timing Analyzer Summary
--------------------------------------------------------------------------------------

Type           : Worst-case tco
Slack          : N/A
Required Time  : None
Actual Time    : 10.976 ns
From           : StoreControl:inst11|Output[27]
To             : OutputSC[27]
From Clock     : CLK
To Clock       : --
Failed Paths   : 0

Type           : Clock Setup: 'CLK'
Slack          : N/A
Required Time  : None
Actual Time    : 96.22 MHz ( period = 10.393 ns )
From           : Controler:inst31|ALUop[0]
To             : Registrador:inst|Saida[5]
From Clock     : CLK
To Clock       : CLK
Failed Paths   : 0

Type           : Clock Hold: 'CLK'
Slack          : Not operational: Clock Skew > Data Delay
Required Time  : None
Actual Time    : N/A
From           : Registrador:inst12|Saida[24]
To             : StoreControl:inst11|Output[24]
From Clock     : CLK
To Clock       : CLK
Failed Paths   : 106

Type           : Total number of failed paths
Slack          : 
Required Time  : 
Actual Time    : 
From           : 
To             : 
From Clock     : 
To Clock       : 
Failed Paths   : 106

--------------------------------------------------------------------------------------

